Test 30
Test 30
